Building Go application...
go build -o user/app ./user/cmd/main.go
Running application...
sudo ./user/app
2026/04/15 17:03:45 OpenClaw core pipeline is running...
2026/04/15 17:03:45 [BOOTSTRAP] Found OpenClaw: pid=1508 Comm=openclaw-gatewa
2026/04/15 17:03:45 bootstrap done
2026/04/15 17:03:47 [EXECVE] (PID: 67220, Depth: 2)
2026/04/15 17:03:47 [Session 67220] PID 67220
2026/04/15 17:03:47   ➤ Exec: /bin/sh
2026/04/15 17:03:47   [Target] 67220 (openclaw-gatewa)
2026/04/15 17:03:47       ↳ 1508 (openclaw-gatewa)
2026/04/15 17:03:47 [OPENAT] (PID: 67220, Depth: 2)
2026/04/15 17:03:47 [Session 67220] PID 67220
2026/04/15 17:03:47   ➤ Open: /etc/ld.so.cache
2026/04/15 17:03:47   [Target] 67220 (openclaw-gatewa)
2026/04/15 17:03:47       ↳ 1508 (openclaw-gatewa)
2026/04/15 17:03:47 [OPENAT] (PID: 67220, Depth: 2)
2026/04/15 17:03:47 [Session 67220] PID 67220
2026/04/15 17:03:47   ➤ Open: /lib/aarch64-linux-gnu/libc.so.6
2026/04/15 17:03:47   [Target] 67220 (openclaw-gatewa)
2026/04/15 17:03:47       ↳ 1508 (openclaw-gatewa)
2026/04/15 17:03:47 [EXECVE] (PID: 67221, Depth: 3)
2026/04/15 17:03:47 [Session 67220] PID 67221
2026/04/15 17:03:47   ➤ Exec: /usr/bin/ip
2026/04/15 17:03:47   ➤ Args: ip neigh show
2026/04/15 17:03:47   [Target] 67221 (sh)
2026/04/15 17:03:47       ↳ 67220 (openclaw-gatewa)
2026/04/15 17:03:47           ↳ 1508 (openclaw-gatewa)
2026/04/15 17:03:47 [OPENAT] (PID: 67221, Depth: 3)
2026/04/15 17:03:47 [Session 67220] PID 67221
2026/04/15 17:03:47   ➤ Open: /etc/ld.so.cache
2026/04/15 17:03:47   [Target] 67221 (sh)
2026/04/15 17:03:47       ↳ 67220 (openclaw-gatewa)
2026/04/15 17:03:47           ↳ 1508 (openclaw-gatewa)
2026/04/15 17:03:47 [OPENAT] (PID: 67221, Depth: 3)
2026/04/15 17:03:47 [Session 67220] PID 67221
2026/04/15 17:03:47   ➤ Open: /lib/aarch64-linux-gnu/libselinux.so.1
2026/04/15 17:03:47   [Target] 67221 (sh)
2026/04/15 17:03:47       ↳ 67220 (openclaw-gatewa)
2026/04/15 17:03:47           ↳ 1508 (openclaw-gatewa)
2026/04/15 17:03:47 [OPENAT] (PID: 67221, Depth: 3)
2026/04/15 17:03:47 [Session 67220] PID 67221
2026/04/15 17:03:47   ➤ Open: /lib/aarch64-linux-gnu/libbpf.so.1
2026/04/15 17:03:47   [Target] 67221 (sh)
2026/04/15 17:03:47       ↳ 67220 (openclaw-gatewa)
2026/04/15 17:03:47           ↳ 1508 (openclaw-gatewa)
2026/04/15 17:03:47 [OPENAT] (PID: 67221, Depth: 3)
2026/04/15 17:03:47 [Session 67220] PID 67221
2026/04/15 17:03:47   ➤ Open: /lib/aarch64-linux-gnu/libelf.so.1
2026/04/15 17:03:47   [Target] 67221 (sh)
2026/04/15 17:03:47       ↳ 67220 (openclaw-gatewa)
2026/04/15 17:03:47           ↳ 1508 (openclaw-gatewa)
2026/04/15 17:03:47 [OPENAT] (PID: 67221, Depth: 3)
2026/04/15 17:03:47 [Session 67220] PID 67221
2026/04/15 17:03:47   ➤ Open: /lib/aarch64-linux-gnu/libmnl.so.0
2026/04/15 17:03:47   [Target] 67221 (sh)
2026/04/15 17:03:47       ↳ 67220 (openclaw-gatewa)
2026/04/15 17:03:47           ↳ 1508 (openclaw-gatewa)
2026/04/15 17:03:47 [OPENAT] (PID: 67221, Depth: 3)
2026/04/15 17:03:47 [Session 67220] PID 67221
2026/04/15 17:03:47   ➤ Open: /lib/aarch64-linux-gnu/libcap.so.2
2026/04/15 17:03:47   [Target] 67221 (sh)
2026/04/15 17:03:47       ↳ 67220 (openclaw-gatewa)
2026/04/15 17:03:47           ↳ 1508 (openclaw-gatewa)
2026/04/15 17:03:47 [OPENAT] (PID: 67221, Depth: 3)
2026/04/15 17:03:47 [Session 67220] PID 67221
2026/04/15 17:03:47   ➤ Open: /lib/aarch64-linux-gnu/libc.so.6
2026/04/15 17:03:47   [Target] 67221 (sh)
2026/04/15 17:03:47       ↳ 67220 (openclaw-gatewa)
2026/04/15 17:03:47           ↳ 1508 (openclaw-gatewa)
2026/04/15 17:03:47 [OPENAT] (PID: 67221, Depth: 3)
2026/04/15 17:03:47 [Session 67220] PID 67221
2026/04/15 17:03:47   ➤ Open: /lib/aarch64-linux-gnu/libpcre2-8.so.0
2026/04/15 17:03:47   [Target] 67221 (sh)
2026/04/15 17:03:47       ↳ 67220 (openclaw-gatewa)
2026/04/15 17:03:47           ↳ 1508 (openclaw-gatewa)
2026/04/15 17:03:47 [OPENAT] (PID: 67221, Depth: 3)
2026/04/15 17:03:47 [Session 67220] PID 67221
2026/04/15 17:03:47   ➤ Open: /lib/aarch64-linux-gnu/libz.so.1
2026/04/15 17:03:47   [Target] 67221 (sh)
2026/04/15 17:03:47       ↳ 67220 (openclaw-gatewa)
2026/04/15 17:03:47           ↳ 1508 (openclaw-gatewa)
2026/04/15 17:03:47 [OPENAT] (PID: 67221, Depth: 3)
2026/04/15 17:03:47 [Session 67220] PID 67221
2026/04/15 17:03:47   ➤ Open: /lib/aarch64-linux-gnu/libzstd.so.1
2026/04/15 17:03:47   [Target] 67221 (sh)
2026/04/15 17:03:47       ↳ 67220 (openclaw-gatewa)
2026/04/15 17:03:47           ↳ 1508 (openclaw-gatewa)
2026/04/15 17:03:47 [OPENAT] (PID: 67221, Depth: 3)
2026/04/15 17:03:47 [Session 67220] PID 67221
2026/04/15 17:03:47   ➤ Open: /proc/filesystems
2026/04/15 17:03:47   [Target] 67221 (sh)
2026/04/15 17:03:47       ↳ 67220 (openclaw-gatewa)
2026/04/15 17:03:47           ↳ 1508 (openclaw-gatewa)
2026/04/15 17:04:01 [EXECVE] (PID: 67273, Depth: 2)
2026/04/15 17:04:01 [Session 67273] PID 67273
2026/04/15 17:04:01   ➤ Exec: /bin/bash
2026/04/15 17:04:01   [Target] 67273 (openclaw-gatewa)
2026/04/15 17:04:01       ↳ 1508 (openclaw-gatewa)
2026/04/15 17:04:01 [OPENAT] (PID: 67273, Depth: 2)
2026/04/15 17:04:01 [Session 67273] PID 67273
2026/04/15 17:04:01   ➤ Open: /etc/ld.so.cache
2026/04/15 17:04:01   [Target] 67273 (openclaw-gatewa)
2026/04/15 17:04:01       ↳ 1508 (openclaw-gatewa)
2026/04/15 17:04:01 [OPENAT] (PID: 67273, Depth: 2)
2026/04/15 17:04:01 [Session 67273] PID 67273
2026/04/15 17:04:01   ➤ Open: /lib/aarch64-linux-gnu/libtinfo.so.6
2026/04/15 17:04:01   [Target] 67273 (openclaw-gatewa)
2026/04/15 17:04:01       ↳ 1508 (openclaw-gatewa)
2026/04/15 17:04:01 [OPENAT] (PID: 67273, Depth: 2)
2026/04/15 17:04:01 [Session 67273] PID 67273
2026/04/15 17:04:01   ➤ Open: /lib/aarch64-linux-gnu/libc.so.6
2026/04/15 17:04:01   [Target] 67273 (openclaw-gatewa)
2026/04/15 17:04:01       ↳ 1508 (openclaw-gatewa)
2026/04/15 17:04:01 [OPENAT] (PID: 67273, Depth: 2)
2026/04/15 17:04:01 [Session 67273] PID 67273
2026/04/15 17:04:01   ➤ Open: 
2026/04/15 17:04:01   [Target] 67273 (openclaw-gatewa)
2026/04/15 17:04:01       ↳ 1508 (openclaw-gatewa)
2026/04/15 17:04:01 [OPENAT] (PID: 67273, Depth: 2)
2026/04/15 17:04:01 [Session 67273] PID 67273
2026/04/15 17:04:01   ➤ Open: 
2026/04/15 17:04:01   [Target] 67273 (openclaw-gatewa)
2026/04/15 17:04:01       ↳ 1508 (openclaw-gatewa)
2026/04/15 17:04:01 [OPENAT] (PID: 67273, Depth: 2)
2026/04/15 17:04:01 [Session 67273] PID 67273
2026/04/15 17:04:01   ➤ Open: /usr/lib/aarch64-linux-gnu/gconv/gconv-modules.cache
2026/04/15 17:04:01   [Target] 67273 (openclaw-gatewa)
2026/04/15 17:04:01       ↳ 1508 (openclaw-gatewa)
2026/04/15 17:04:01 [OPENAT] (PID: 67273, Depth: 2)
2026/04/15 17:04:01 [Session 67273] PID 67273
2026/04/15 17:04:01   ➤ Open: /etc/bash.bashrc
2026/04/15 17:04:01   [Target] 67273 (openclaw-gatewa)
2026/04/15 17:04:01       ↳ 1508 (openclaw-gatewa)
2026/04/15 17:04:01 [OPENAT] (PID: 67273, Depth: 2)
2026/04/15 17:04:01 [Session 67273] PID 67273
2026/04/15 17:04:01   ➤ Open: /home/ubuntu/.bashrc
2026/04/15 17:04:01   [Target] 67273 (openclaw-gatewa)
2026/04/15 17:04:01       ↳ 1508 (openclaw-gatewa)
2026/04/15 17:04:01 [EXECVE] (PID: 67274, Depth: 3)
2026/04/15 17:04:01 [Session 67273] PID 67274
2026/04/15 17:04:01   ➤ Exec: /usr/bin/python3
2026/04/15 17:04:01   ➤ Args: python3 --version
2026/04/15 17:04:01   [Target] 67274 (bash)
2026/04/15 17:04:01       ↳ 67273 (openclaw-gatewa)
2026/04/15 17:04:01           ↳ 1508 (openclaw-gatewa)
2026/04/15 17:04:01 [OPENAT] (PID: 67274, Depth: 3)
2026/04/15 17:04:01 [Session 67273] PID 67274
2026/04/15 17:04:01   ➤ Open: /etc/ld.so.cache
2026/04/15 17:04:01   [Target] 67274 (bash)
2026/04/15 17:04:01       ↳ 67273 (openclaw-gatewa)
2026/04/15 17:04:01           ↳ 1508 (openclaw-gatewa)
2026/04/15 17:04:01 [OPENAT] (PID: 67274, Depth: 3)
2026/04/15 17:04:01 [Session 67273] PID 67274
2026/04/15 17:04:01   ➤ Open: /lib/aarch64-linux-gnu/libm.so.6
2026/04/15 17:04:01   [Target] 67274 (bash)
2026/04/15 17:04:01       ↳ 67273 (openclaw-gatewa)
2026/04/15 17:04:01           ↳ 1508 (openclaw-gatewa)
2026/04/15 17:04:01 [OPENAT] (PID: 67274, Depth: 3)
2026/04/15 17:04:01 [Session 67273] PID 67274
2026/04/15 17:04:01   ➤ Open: /lib/aarch64-linux-gnu/libz.so.1
2026/04/15 17:04:01   [Target] 67274 (bash)
2026/04/15 17:04:01       ↳ 67273 (openclaw-gatewa)
2026/04/15 17:04:01           ↳ 1508 (openclaw-gatewa)
2026/04/15 17:04:01 [OPENAT] (PID: 67274, Depth: 3)
2026/04/15 17:04:01 [Session 67273] PID 67274
2026/04/15 17:04:01   ➤ Open: /lib/aarch64-linux-gnu/libexpat.so.1
2026/04/15 17:04:01   [Target] 67274 (bash)
2026/04/15 17:04:01       ↳ 67273 (openclaw-gatewa)
2026/04/15 17:04:01           ↳ 1508 (openclaw-gatewa)
2026/04/15 17:04:01 [OPENAT] (PID: 67274, Depth: 3)
2026/04/15 17:04:01 [Session 67273] PID 67274
2026/04/15 17:04:01   ➤ Open: /lib/aarch64-linux-gnu/libc.so.6
2026/04/15 17:04:01   [Target] 67274 (bash)
2026/04/15 17:04:01       ↳ 67273 (openclaw-gatewa)
2026/04/15 17:04:01           ↳ 1508 (openclaw-gatewa)
2026/04/15 17:04:01 [OPENAT] (PID: 67274, Depth: 3)
2026/04/15 17:04:01 [Session 67273] PID 67274
2026/04/15 17:04:01   ➤ Open: /proc/sys/vm/overcommit_memory
2026/04/15 17:04:01   [Target] 67274 (bash)
2026/04/15 17:04:01       ↳ 67273 (openclaw-gatewa)
2026/04/15 17:04:01           ↳ 1508 (openclaw-gatewa)
2026/04/15 17:04:01 [OPENAT] (PID: 67274, Depth: 3)
2026/04/15 17:04:01 [Session 67273] PID 67274
2026/04/15 17:04:01   ➤ Open: 
2026/04/15 17:04:01   [Target] 67274 (bash)
2026/04/15 17:04:01       ↳ 67273 (openclaw-gatewa)
2026/04/15 17:04:01           ↳ 1508 (openclaw-gatewa)
2026/04/15 17:04:01 [OPENAT] (PID: 67274, Depth: 3)
2026/04/15 17:04:01 [Session 67273] PID 67274
2026/04/15 17:04:01   ➤ Open: /usr/lib/aarch64-linux-gnu/gconv/gconv-modules.cache
2026/04/15 17:04:01   [Target] 67274 (bash)
2026/04/15 17:04:01       ↳ 67273 (openclaw-gatewa)
2026/04/15 17:04:01           ↳ 1508 (openclaw-gatewa)
2026/04/15 17:04:02 [EXECVE] (PID: 67275, Depth: 2)
2026/04/15 17:04:02 [Session 67275] PID 67275
2026/04/15 17:04:02   ➤ Exec: /bin/sh
2026/04/15 17:04:02   [Target] 67275 (openclaw-gatewa)
2026/04/15 17:04:02       ↳ 1508 (openclaw-gatewa)
2026/04/15 17:04:02 [OPENAT] (PID: 67275, Depth: 2)
2026/04/15 17:04:02 [Session 67275] PID 67275
2026/04/15 17:04:02   ➤ Open: /etc/ld.so.cache
2026/04/15 17:04:02   [Target] 67275 (openclaw-gatewa)
2026/04/15 17:04:02       ↳ 1508 (openclaw-gatewa)
2026/04/15 17:04:02 [OPENAT] (PID: 67275, Depth: 2)
2026/04/15 17:04:02 [Session 67275] PID 67275
2026/04/15 17:04:02   ➤ Open: /lib/aarch64-linux-gnu/libc.so.6
2026/04/15 17:04:02   [Target] 67275 (openclaw-gatewa)
2026/04/15 17:04:02       ↳ 1508 (openclaw-gatewa)
2026/04/15 17:04:02 [EXECVE] (PID: 67276, Depth: 3)
2026/04/15 17:04:02 [Session 67275] PID 67276
2026/04/15 17:04:02   ➤ Exec: /usr/bin/ip
2026/04/15 17:04:02   ➤ Args: ip neigh show
2026/04/15 17:04:02   [Target] 67276 (sh)
2026/04/15 17:04:02       ↳ 67275 (openclaw-gatewa)
2026/04/15 17:04:02           ↳ 1508 (openclaw-gatewa)
2026/04/15 17:04:02 [OPENAT] (PID: 67276, Depth: 3)
2026/04/15 17:04:02 [Session 67275] PID 67276
2026/04/15 17:04:02   ➤ Open: /etc/ld.so.cache
2026/04/15 17:04:02   [Target] 67276 (sh)
2026/04/15 17:04:02       ↳ 67275 (openclaw-gatewa)
2026/04/15 17:04:02           ↳ 1508 (openclaw-gatewa)
2026/04/15 17:04:02 [OPENAT] (PID: 67276, Depth: 3)
2026/04/15 17:04:02 [Session 67275] PID 67276
2026/04/15 17:04:02   ➤ Open: /lib/aarch64-linux-gnu/libselinux.so.1
2026/04/15 17:04:02   [Target] 67276 (sh)
2026/04/15 17:04:02       ↳ 67275 (openclaw-gatewa)
2026/04/15 17:04:02           ↳ 1508 (openclaw-gatewa)
2026/04/15 17:04:02 [OPENAT] (PID: 67276, Depth: 3)
2026/04/15 17:04:02 [Session 67275] PID 67276
2026/04/15 17:04:02   ➤ Open: /lib/aarch64-linux-gnu/libbpf.so.1
2026/04/15 17:04:02   [Target] 67276 (sh)
2026/04/15 17:04:02       ↳ 67275 (openclaw-gatewa)
2026/04/15 17:04:02           ↳ 1508 (openclaw-gatewa)
2026/04/15 17:04:02 [OPENAT] (PID: 67276, Depth: 3)
2026/04/15 17:04:02 [Session 67275] PID 67276
2026/04/15 17:04:02   ➤ Open: /lib/aarch64-linux-gnu/libelf.so.1
2026/04/15 17:04:02   [Target] 67276 (sh)
2026/04/15 17:04:02       ↳ 67275 (openclaw-gatewa)
2026/04/15 17:04:02           ↳ 1508 (openclaw-gatewa)
2026/04/15 17:04:02 [OPENAT] (PID: 67276, Depth: 3)
2026/04/15 17:04:02 [Session 67275] PID 67276
2026/04/15 17:04:02   ➤ Open: /lib/aarch64-linux-gnu/libmnl.so.0
2026/04/15 17:04:02   [Target] 67276 (sh)
2026/04/15 17:04:02       ↳ 67275 (openclaw-gatewa)
2026/04/15 17:04:02           ↳ 1508 (openclaw-gatewa)
2026/04/15 17:04:02 [OPENAT] (PID: 67276, Depth: 3)
2026/04/15 17:04:02 [Session 67275] PID 67276
2026/04/15 17:04:02   ➤ Open: /lib/aarch64-linux-gnu/libcap.so.2
2026/04/15 17:04:02   [Target] 67276 (sh)
2026/04/15 17:04:02       ↳ 67275 (openclaw-gatewa)
2026/04/15 17:04:02           ↳ 1508 (openclaw-gatewa)
2026/04/15 17:04:02 [OPENAT] (PID: 67276, Depth: 3)
2026/04/15 17:04:02 [Session 67275] PID 67276
2026/04/15 17:04:02   ➤ Open: /lib/aarch64-linux-gnu/libc.so.6
2026/04/15 17:04:02   [Target] 67276 (sh)
2026/04/15 17:04:02       ↳ 67275 (openclaw-gatewa)
2026/04/15 17:04:02           ↳ 1508 (openclaw-gatewa)
2026/04/15 17:04:02 [OPENAT] (PID: 67276, Depth: 3)
2026/04/15 17:04:02 [Session 67275] PID 67276
2026/04/15 17:04:02   ➤ Open: /lib/aarch64-linux-gnu/libpcre2-8.so.0
2026/04/15 17:04:02   [Target] 67276 (sh)
2026/04/15 17:04:02       ↳ 67275 (openclaw-gatewa)
2026/04/15 17:04:02           ↳ 1508 (openclaw-gatewa)
2026/04/15 17:04:02 [OPENAT] (PID: 67276, Depth: 3)
2026/04/15 17:04:02 [Session 67275] PID 67276
2026/04/15 17:04:02   ➤ Open: /lib/aarch64-linux-gnu/libz.so.1
2026/04/15 17:04:02   [Target] 67276 (sh)
2026/04/15 17:04:02       ↳ 67275 (openclaw-gatewa)
2026/04/15 17:04:02           ↳ 1508 (openclaw-gatewa)
2026/04/15 17:04:02 [OPENAT] (PID: 67276, Depth: 3)
2026/04/15 17:04:02 [Session 67275] PID 67276
2026/04/15 17:04:02   ➤ Open: /lib/aarch64-linux-gnu/libzstd.so.1
2026/04/15 17:04:02   [Target] 67276 (sh)
2026/04/15 17:04:02       ↳ 67275 (openclaw-gatewa)
2026/04/15 17:04:02           ↳ 1508 (openclaw-gatewa)
2026/04/15 17:04:02 [OPENAT] (PID: 67276, Depth: 3)
2026/04/15 17:04:02 [Session 67275] PID 67276
2026/04/15 17:04:02   ➤ Open: /proc/filesystems
2026/04/15 17:04:02   [Target] 67276 (sh)
2026/04/15 17:04:02       ↳ 67275 (openclaw-gatewa)
2026/04/15 17:04:02           ↳ 1508 (openclaw-gatewa)
